// Jest Snapshot v1, https://goo.gl/fbAQLP

exports[`matches snapshot 1`] = `
<DocumentFragment>
  <div
    class="App"
  >
    <div
      class="Header"
    >
      <a
        href="/colors"
      >
        <h1>
          Color Factory
        </h1>
      </a>
      <a
        href="/colors/new"
      >
        Add Color
      </a>
    </div>
    <div
      class="ColorList"
    >
      <ul>
        <a
          href="/colors/red"
        >
          <li>
            red
          </li>
        </a>
        <a
          href="/colors/green"
        >
          <li>
            green
          </li>
        </a>
        <a
          href="/colors/blue"
        >
          <li>
            blue
          </li>
        </a>
      </ul>
    </div>
  </div>
</DocumentFragment>
`;
